[backblue.gif]
[fade.gif]
[index.html]
[maxcdn.bootstrapcdn.com/bootstrap/3.3.6/css/bootstrap.min.css]
[ajax.googleapis.com/ajax/libs/webfont/1.4.7/webfont.js]
[gpstrader.co/js/modernizr.js]
[gpstrader.co/images/32.png]
[gpstrader.co/images/256.png]
[gpstrader.co/images/mobilebg.jpg]
[gpstrader.co/inc/wait3.gif]
[gpstrader.co/images/white.png]
[gpstrader.co/images/porsche.gif]
[gpstrader.co/images/11029974_910763738946737_6080840576298021890_n.jpg]
[gpstrader.co/images/like.jpg]
[gpstrader.co/images/comment.jpg]
[gpstrader.co/images/share.jpg]
[gpstrader.co/images/34425_1668978803941_6043516_n.jpg]
[gpstrader.co/images/228628_1036312442126_1182_n.jpg]
[gpstrader.co/images/487611_4810085896989_1101694092_n.jpg]
[gpstrader.co/images/12994327_10104848843051459_9150549352825208687_n.jpg]
[gpstrader.co/images/8208_10153489348307737_4143598213523637611_n.jpg]
[gpstrader.co/images/12391787_1255346604481445_1849642515193490809_n.jpg]
[gpstrader.co/images/1929812_10206390435699326_5448645610417069408_n.jpg]
[ajax.googleapis.com/ajax/libs/jquery/2.2.0/jquery.min.js]
[gpstrader.co/js/webflow.js]
[maxcdn.bootstrapcdn.com/bootstrap/3.3.6/js/bootstrap.min.js]
[gpstrader.co/inc/form.js]
[gpstrader.co/inc/jvp.js]
[gpstrader.co/index.html]
[gpstrader.co/css/normalize.css]
[gpstrader.co/css/webflow.css]
[gpstrader.co/images/bg313.jpg]
[gpstrader.co/images/57169ed68e3e79f66b323c03_56b9fd112cc69d4e6918372f_name.png]
[gpstrader.co/images/57169ef909ecd16b4dd2e3e1_56b9fd640cccd239095fe7d8_mail.png]
[gpstrader.co/images/tumblr_nmvhv59dSz1qa763mo1_500.gif]
[gpstrader.co/images/bg.png]
[gpstrader.co/css/gpstrader.webflow.css]
[maxcdn.bootstrapcdn.com/bootstrap/3.3.6/css/bootstrap.min.css]
[gpstrader.co/inc/optin.html]
[gpstrader.co/gr260b.html]
